DEBUG - 2026-08-31 01:35:22 --> Session: Class initialized using 'CodeIgniter\Session\Handlers\FileHandler' driver.
DEBUG - 2026-08-31 01:35:22 --> Session: Class initialized using 'CodeIgniter\Session\Handlers\FileHandler' driver.
DEBUG - 2026-08-31 01:35:32 --> Session: Class initialized using 'CodeIgniter\Session\Handlers\FileHandler' driver.
DEBUG - 2026-08-31 01:35:33 --> Session: Class initialized using 'CodeIgniter\Session\Handlers\FileHandler' driver.
DEBUG - 2026-08-31 01:36:16 --> Session: Class initialized using 'CodeIgniter\Session\Handlers\FileHandler' driver.
DEBUG - 2026-08-31 01:39:03 --> Session: Class initialized using 'CodeIgniter\Session\Handlers\FileHandler' driver.
ERROR - 2026-08-31 01:40:42 --> FOREIGN KEY constraint failed
in SYSTEMPATH/Database/SQLite3/Connection.php on line 163.
 1 SYSTEMPATH/Database/SQLite3/Connection.php(163): SQLite3->exec()
 2 SYSTEMPATH/Database/BaseConnection.php(908): CodeIgniter\Database\SQLite3\Connection->execute()
 3 SYSTEMPATH/Database/BaseConnection.php(825): CodeIgniter\Database\BaseConnection->simpleQuery()
 4 SYSTEMPATH/Database/BaseBuilder.php(2865): CodeIgniter\Database\BaseConnection->query()
 5 SYSTEMPATH/Model.php(443): CodeIgniter\Database\BaseBuilder->delete()
 6 SYSTEMPATH/BaseModel.php(1207): CodeIgniter\Model->doDelete()
 7 ROOTPATH/tests/unit/DespesaHistoricoTest.php(120): CodeIgniter\BaseModel->delete()
 8 VENDORPATH/phpunit/phpunit/src/Framework/TestCase.php(1548): Tests\Unit\DespesaHistoricoTest->testHistoricoDespesasRegistraAlteracoesCorretamente()
 9 VENDORPATH/phpunit/phpunit/src/Framework/TestCase.php(686): PHPUnit\Framework\TestCase->runTest()
10 VENDORPATH/phpunit/phpunit/src/Framework/TestRunner.php(106): PHPUnit\Framework\TestCase->runBare()
11 VENDORPATH/phpunit/phpunit/src/Framework/TestCase.php(516): PHPUnit\Framework\TestRunner->run()
12 VENDORPATH/phpunit/phpunit/src/Framework/TestSuite.php(374): PHPUnit\Framework\TestCase->run()
13 VENDORPATH/phpunit/phpunit/src/TextUI/TestRunner.php(64): PHPUnit\Framework\TestSuite->run()
14 VENDORPATH/phpunit/phpunit/src/TextUI/Application.php(204): PHPUnit\TextUI\TestRunner->run()
15 VENDORPATH/phpunit/phpunit/phpunit(104): PHPUnit\TextUI\Application->run()
16 VENDORPATH/bin/phpunit(122): include('/var/www/sistema-pdi/vendor/phpunit/phpunit/phpunit')
DEBUG - 2026-08-31 01:43:03 --> Session: Class initialized using 'CodeIgniter\Session\Handlers\FileHandler' driver.
DEBUG - 2026-08-31 01:45:22 --> Session: Class initialized using 'CodeIgniter\Session\Handlers\FileHandler' driver.
DEBUG - 2026-08-31 01:55:24 --> Session: Class initialized using 'CodeIgniter\Session\Handlers\FileHandler' driver.
DEBUG - 2026-08-31 01:57:07 --> Session: Class initialized using 'CodeIgniter\Session\Handlers\FileHandler' driver.
DEBUG - 2026-08-31 01:57:11 --> Session: Class initialized using 'CodeIgniter\Session\Handlers\FileHandler' driver.
DEBUG - 2026-08-31 02:00:39 --> Session: Class initialized using 'CodeIgniter\Session\Handlers\FileHandler' driver.
DEBUG - 2026-08-31 02:03:42 --> Session: Class initialized using 'CodeIgniter\Session\Handlers\FileHandler' driver.
WARNING - 2026-08-31 02:03:42 --> [DEPRECATED] strtotime(): Passing null to parameter #1 ($datetime) of type string is deprecated in APPPATH/Views/movimentacoes/extrato.php on line 38.
 1 APPPATH/Views/movimentacoes/extrato.php(38): strtotime(null)
 2 SYSTEMPATH/View/View.php(240): include('/var/www/sistema-pdi/app/Views/movimentacoes/extrato.php')
 3 SYSTEMPATH/View/View.php(243): CodeIgniter\View\View->{closure:CodeIgniter\View\View::render():237}()
 4 SYSTEMPATH/Common.php(1268): CodeIgniter\View\View->render('movimentacoes/extrato', [], true)
 5 APPPATH/Controllers/MovimentacaoRubricaController.php(95): view('movimentacoes/extrato', [...])
 6 SYSTEMPATH/CodeIgniter.php(974): App\Controllers\MovimentacaoRubricaController->extrato('1')
 7 SYSTEMPATH/CodeIgniter.php(520): CodeIgniter\CodeIgniter->runController(Object(App\Controllers\MovimentacaoRubricaController))
 8 SYSTEMPATH/CodeIgniter.php(363): CodeIgniter\CodeIgniter->handleRequest(null, Object(Config\Cache), false)
 9 SYSTEMPATH/Boot.php(417): CodeIgniter\CodeIgniter->run()
10 SYSTEMPATH/Boot.php(68): CodeIgniter\Boot::runCodeIgniter(Object(CodeIgniter\CodeIgniter))
11 FCPATH/index.php(59): CodeIgniter\Boot::bootWeb(Object(Config\Paths))
12 SYSTEMPATH/rewrite.php(44): require_once('/var/www/sistema-pdi/public/index.php')
WARNING - 2026-08-31 02:03:42 --> [DEPRECATED] strtotime(): Passing null to parameter #1 ($datetime) of type string is deprecated in APPPATH/Views/movimentacoes/extrato.php on line 38.
 1 APPPATH/Views/movimentacoes/extrato.php(38): strtotime(null)
 2 SYSTEMPATH/View/View.php(240): include('/var/www/sistema-pdi/app/Views/movimentacoes/extrato.php')
 3 SYSTEMPATH/View/View.php(243): CodeIgniter\View\View->{closure:CodeIgniter\View\View::render():237}()
 4 SYSTEMPATH/Common.php(1268): CodeIgniter\View\View->render('movimentacoes/extrato', [], true)
 5 APPPATH/Controllers/MovimentacaoRubricaController.php(95): view('movimentacoes/extrato', [...])
 6 SYSTEMPATH/CodeIgniter.php(974): App\Controllers\MovimentacaoRubricaController->extrato('1')
 7 SYSTEMPATH/CodeIgniter.php(520): CodeIgniter\CodeIgniter->runController(Object(App\Controllers\MovimentacaoRubricaController))
 8 SYSTEMPATH/CodeIgniter.php(363): CodeIgniter\CodeIgniter->handleRequest(null, Object(Config\Cache), false)
 9 SYSTEMPATH/Boot.php(417): CodeIgniter\CodeIgniter->run()
10 SYSTEMPATH/Boot.php(68): CodeIgniter\Boot::runCodeIgniter(Object(CodeIgniter\CodeIgniter))
11 FCPATH/index.php(59): CodeIgniter\Boot::bootWeb(Object(Config\Paths))
12 SYSTEMPATH/rewrite.php(44): require_once('/var/www/sistema-pdi/public/index.php')
WARNING - 2026-08-31 02:03:42 --> [DEPRECATED] strtotime(): Passing null to parameter #1 ($datetime) of type string is deprecated in APPPATH/Views/movimentacoes/extrato.php on line 38.
 1 APPPATH/Views/movimentacoes/extrato.php(38): strtotime(null)
 2 SYSTEMPATH/View/View.php(240): include('/var/www/sistema-pdi/app/Views/movimentacoes/extrato.php')
 3 SYSTEMPATH/View/View.php(243): CodeIgniter\View\View->{closure:CodeIgniter\View\View::render():237}()
 4 SYSTEMPATH/Common.php(1268): CodeIgniter\View\View->render('movimentacoes/extrato', [], true)
 5 APPPATH/Controllers/MovimentacaoRubricaController.php(95): view('movimentacoes/extrato', [...])
 6 SYSTEMPATH/CodeIgniter.php(974): App\Controllers\MovimentacaoRubricaController->extrato('1')
 7 SYSTEMPATH/CodeIgniter.php(520): CodeIgniter\CodeIgniter->runController(Object(App\Controllers\MovimentacaoRubricaController))
 8 SYSTEMPATH/CodeIgniter.php(363): CodeIgniter\CodeIgniter->handleRequest(null, Object(Config\Cache), false)
 9 SYSTEMPATH/Boot.php(417): CodeIgniter\CodeIgniter->run()
10 SYSTEMPATH/Boot.php(68): CodeIgniter\Boot::runCodeIgniter(Object(CodeIgniter\CodeIgniter))
11 FCPATH/index.php(59): CodeIgniter\Boot::bootWeb(Object(Config\Paths))
12 SYSTEMPATH/rewrite.php(44): require_once('/var/www/sistema-pdi/public/index.php')
DEBUG - 2026-08-31 02:03:57 --> Session: Class initialized using 'CodeIgniter\Session\Handlers\FileHandler' driver.
